<html>
<body>
<pre>
<h1>µVision Build Log</h1>
<h2>Tool Versions:</h2>
IDE-Version: ¦ÌVision V5.36.0.0
Copyright (C) 2021 ARM Ltd and ARM Germany GmbH. All rights reserved.
License Information: 11 Microsoft, Microsoft, LIC=RC93N-Y0LKC-BSIYX-H7BAX-HWEZ1-JY2PV
 
Tool Versions:
Toolchain:       MDK-ARM Plus  Version: 5.36.0.0
Toolchain Path:  D:\Keil_v5\ARM\ARMCC\Bin
C Compiler:      Armcc.exe V5.06 update 7 (build 960)
Assembler:       Armasm.exe V5.06 update 7 (build 960)
Linker/Locator:  ArmLink.exe V5.06 update 7 (build 960)
Library Manager: ArmAr.exe V5.06 update 7 (build 960)
Hex Converter:   FromElf.exe V5.06 update 7 (build 960)
CPU DLL:         SARMCM3.DLL V5.36.0.0
Dialog DLL:      DCM.DLL V1.17.3.0
Target DLL:      STLink\ST-LINKIII-KEIL_SWO.dll V3.0.9.0
Dialog DLL:      TCM.DLL V1.53.0.0
 
<h2>Project:</h2>
G:\huanglong\stm32\check_hil\stm32f407_check_hil\stm32f407_check_hil\MDK-ARM\stm32f407_PW8106.uvprojx
Project File Date:  04/13/2023

<h2>Output:</h2>
*** Using Compiler 'V5.06 update 7 (build 960)', folder: 'D:\Keil_v5\ARM\ARMCC\Bin'
Build target 'stm32f407_PW8106'
compiling stm32f4xx_hal_msp.c...
compiling main.c...
../Src/main.c(139): warning:  #223-D: function "can_rx_handle" declared implicitly
  		can_rx_handle(&can_rx_date[queue_rx.tear]);
../Src/main.c(179): warning:  #550-D: variable "flag"  was set but never used
  	u8 flag = 0;
../Src/main.c(226): warning:  #223-D: function "can_rx_handle" declared implicitly
  			response = can_rx_handle(&can_rx_date[date->tear]);
../Src/main.c(214): warning:  #550-D: variable "response"  was set but never used
  	u8 response  = 0;
../Src/main.c(304): warning:  #177-D: variable "i"  was declared but never referenced
  	u8 i = 0;
../Src/main.c(305): warning:  #177-D: variable "temp"  was declared but never referenced
  	u32 temp = 0;
../Src/main.c(380): warning:  #223-D: function "USART6_Init" declared implicitly
  	USART6_Init(115200);
../Src/main.c(396): warning:  #223-D: function "hil_break_run" declared implicitly
  		hil_break_run();
../Src/main.c(369): warning:  #177-D: variable "old_flash_1hz"  was declared but never referenced
  	u8 old_flash_1hz = 0;
../Src/main.c(370): warning:  #177-D: variable "i"  was declared but never referenced
  	u8 i = 0;
../Src/main.c(461): warning:  #177-D: function "MX_TIM3_Init"  was declared but never referenced
  static void MX_TIM3_Init(void)
../Src/main.c(336): warning:  #177-D: function "MX_IWDG_Init"  was declared but never referenced
  static void MX_IWDG_Init(void)
../Src/main.c: 12 warnings, 0 errors
compiling stm32f4xx_it.c...
compiling stm32f4xx_hal_tim_ex.c...
compiling stm32f4xx_hal_can.c...
compiling stm32f4xx_hal_tim.c...
compiling stm32f4xx_hal_rcc.c...
compiling stm32f4xx_hal_rcc_ex.c...
compiling stm32f4xx_hal_flash.c...
compiling stm32f4xx_hal_flash_ramfunc.c...
compiling stm32f4xx_hal_flash_ex.c...
compiling stm32f4xx_hal_gpio.c...
compiling stm32f4xx_hal_dma_ex.c...
compiling stm32f4xx_hal_dma.c...
compiling stm32f4xx_hal_pwr.c...
compiling stm32f4xx_hal.c...
compiling stm32f4xx_hal_pwr_ex.c...
compiling stm32f4xx_hal_cortex.c...
compiling stm32f4xx_hal_exti.c...
compiling stm32f4xx_hal_iwdg.c...
compiling stm32f4xx_hal_uart.c...
compiling system_stm32f4xx.c...
compiling stm32f4xx_hal_usart.c...
compiling led.c...
compiling delay.c...
compiling KEY.c...
..\KEY\KEY.c(149): warning:  #223-D: function "delay_ms" declared implicitly
  		delay_ms(1);
..\KEY\KEY.c(223): warning:  #223-D: function "delay_ms" declared implicitly
  		delay_ms(1);
..\KEY\KEY.c: 2 warnings, 0 errors
compiling tim.c...
compiling can.c...
..\CAN\can.c(206): warning:  #61-D: integer operation result is out of range
    sFilterConfig.FilterIdHigh = ((ID_USE_2<<3)>>16)&0xffff;
..\CAN\can.c(207): warning:  #61-D: integer operation result is out of range
    sFilterConfig.FilterIdLow = (ID_USE_2<<3)&0xffff|CAN_ID_EXT;
..\CAN\can.c(208): warning:  #61-D: integer operation result is out of range
    sFilterConfig.FilterMaskIdHigh = ((ID_USE_2<<3)>>16)&0xffff;
..\CAN\can.c(209): warning:  #61-D: integer operation result is out of range
    sFilterConfig.FilterMaskIdLow = (ID_USE_2<<3)&0xffff|CAN_ID_EXT;
..\CAN\can.c(278): warning:  #61-D: integer operation result is out of range
    sFilterConfig.FilterIdHigh = ((ID_USE_2<<3)>>16)&0xffff;
..\CAN\can.c(279): warning:  #61-D: integer operation result is out of range
    sFilterConfig.FilterIdLow = (ID_USE_2<<3)&0xffff|CAN_ID_EXT;
..\CAN\can.c(280): warning:  #61-D: integer operation result is out of range
    sFilterConfig.FilterMaskIdHigh = ((ID_USE_2<<3)>>16)&0xffff;
..\CAN\can.c(281): warning:  #61-D: integer operation result is out of range
    sFilterConfig.FilterMaskIdLow = (ID_USE_2<<3)&0xffff|CAN_ID_EXT;
..\CAN\can.c: 8 warnings, 0 errors
compiling rs485.c...
compiling brak_hil.c...
..\brak_hil\brak_hil.c(39): warning:  #223-D: function "USART3_Send_Data" declared implicitly
  	USART3_Send_Data(buf,len);	 
..\brak_hil\brak_hil.c(38): warning:  #177-D: variable "t"  was declared but never referenced
  	u8 t;
..\brak_hil\brak_hil.c(44): warning:  #177-D: variable "i"  was declared but never referenced
  	u8 i = 0;
..\brak_hil\brak_hil.c(45): warning:  #177-D: variable "temp"  was declared but never referenced
  	u16 temp = 0;
..\brak_hil\brak_hil.c(46): warning:  #177-D: variable "buf"  was declared but never referenced
  	u8 buf[8]={0xa5,0x01,0x00,0x00,0x00,0x00,0x00,0x00};
..\brak_hil\brak_hil.c(252): warning:  #188-D: enumerated type mixed with another type
  	RS_CODE = date[0];
..\brak_hil\brak_hil.c(245): warning:  #177-D: variable "len"  was declared but never referenced
  	u8 len = 0,i = 0; 
..\brak_hil\brak_hil.c(246): warning:  #177-D: variable "temp"  was declared but never referenced
  	u16 temp = 0;
..\brak_hil\brak_hil.c(248): warning:  #177-D: variable "buf1"  was declared but never referenced
  	u8 buf1[11]={0x5a,0x09,0x02,0x00
..\brak_hil\brak_hil.c(433): warning:  #550-D: variable "j"  was set but never used
  	u8 j = 0;
..\brak_hil\brak_hil.c: 10 warnings, 0 errors
linking...
Program Size: Code=10004 RO-data=448 RW-data=88 ZI-data=30296  
FromELF: creating hex file...
"345\345.axf" - 0 Error(s), 32 Warning(s).

<h2>Software Packages used:</h2>

Package Vendor: ARM
                http://www.keil.com/pack/ARM.CMSIS.5.8.0.pack
                ARM.CMSIS.5.8.0
                CMSIS (Common Microcontroller Software Interface Standard)
   * Component: CORE Version: 5.5.0

Package Vendor: Keil
                http://www.keil.com/pack/Keil.STM32F4xx_DFP.2.15.0.pack
                Keil.STM32F4xx_DFP.2.15.0
                STMicroelectronics STM32F4 Series Device Support, Drivers and Examples

<h2>Collection of Component include folders:</h2>
  .\RTE\_stm32f407_PW8106
  D:\Arm\Packs\ARM\CMSIS\5.8.0\CMSIS\Core\Include
  D:\Arm\Packs\Keil\STM32F4xx_DFP\2.15.0\Drivers\CMSIS\Device\ST\STM32F4xx\Include

<h2>Collection of Component Files used:</h2>

   * Component: ARM::CMSIS:CORE:5.5.0
Build Time Elapsed:  00:01:10
</pre>
</body>
</html>
