<html>
<body>
<pre>
<h1>µVision Build Log</h1>
<h2>Tool Versions:</h2>
IDE-Version: ¦ÌVision V5.36.0.0
Copyright (C) 2021 ARM Ltd and ARM Germany GmbH. All rights reserved.
License Information: 11 Microsoft, Microsoft, LIC=RC93N-Y0LKC-BSIYX-H7BAX-HWEZ1-JY2PV
 
Tool Versions:
Toolchain:       MDK-ARM Plus  Version: 5.36.0.0
Toolchain Path:  D:\Keil_v5\ARM\ARMCC\Bin
C Compiler:      Armcc.exe V5.06 update 7 (build 960)
Assembler:       Armasm.exe V5.06 update 7 (build 960)
Linker/Locator:  ArmLink.exe V5.06 update 7 (build 960)
Library Manager: ArmAr.exe V5.06 update 7 (build 960)
Hex Converter:   FromElf.exe V5.06 update 7 (build 960)
CPU DLL:         SARMCM3.DLL V5.36.0.0
Dialog DLL:      DCM.DLL V1.17.3.0
Target DLL:      STLink\ST-LINKIII-KEIL_SWO.dll V3.0.9.0
Dialog DLL:      TCM.DLL V1.53.0.0
 
<h2>Project:</h2>
G:\huanglong\stm32\check_hil\stm32f407_check_hil\stm32f407_check_hil\MDK-ARM\stm32f407_PW8106.uvprojx
Project File Date:  04/13/2023

<h2>Output:</h2>
*** Using Compiler 'V5.06 update 7 (build 960)', folder: 'D:\Keil_v5\ARM\ARMCC\Bin'
Build target 'stm32f407_PW8106'
compiling brak_hil.c...
..\brak_hil\brak_hil.c(41): warning:  #223-D: function "USART3_Send_Data" declared implicitly
  	USART3_Send_Data(buf,len);	 
..\brak_hil\brak_hil.c(40): warning:  #177-D: variable "t"  was declared but never referenced
  	u8 t;
..\brak_hil\brak_hil.c(47): warning:  #177-D: variable "i"  was declared but never referenced
  	u8 i = 0;
..\brak_hil\brak_hil.c(48): warning:  #177-D: variable "temp"  was declared but never referenced
  	u16 temp = 0;
..\brak_hil\brak_hil.c(49): warning:  #177-D: variable "buf"  was declared but never referenced
  	u8 buf[8]={0xa5,0x01,0x00,0x00,0x00,0x00,0x00,0x00};
..\brak_hil\brak_hil.c(369): warning:  #188-D: enumerated type mixed with another type
  	RS_CODE = date[0];
..\brak_hil\brak_hil.c(534): warning:  #223-D: function "my_uart1_Send_Data" declared implicitly
  		my_uart1_Send_Data(buf1,11);
..\brak_hil\brak_hil.c(362): warning:  #177-D: variable "len"  was declared but never referenced
  	u8 len = 0,i = 0; 
..\brak_hil\brak_hil.c(363): warning:  #177-D: variable "temp"  was declared but never referenced
  	u16 temp = 0;
..\brak_hil\brak_hil.c(560): warning:  #223-D: function "USART6_Send_Data" declared implicitly
  			USART6_Send_Data(buf,3);
..\brak_hil\brak_hil.c(613): warning:  #223-D: function "USART6_Send_Data" declared implicitly
  			USART6_Send_Data(buf,3);	
..\brak_hil\brak_hil.c(672): warning:  #223-D: function "USART6_Send_Data" declared implicitly
  			USART6_Send_Data(buf,3);	
..\brak_hil\brak_hil.c(734): warning:  #223-D: function "USART6_Send_Data" declared implicitly
  			USART6_Send_Data(buf,3);	
..\brak_hil\brak_hil.c(794): warning:  #223-D: function "USART6_Send_Data" declared implicitly
  			USART6_Send_Data(buf,3);	
..\brak_hil\brak_hil.c(802): warning:  #223-D: function "USART6_Send_Data" declared implicitly
  			USART6_Send_Data(buf,3);
..\brak_hil\brak_hil.c(810): warning:  #223-D: function "USART6_Send_Data" declared implicitly
  			USART6_Send_Data(buf,3);
..\brak_hil\brak_hil.c(818): warning:  #223-D: function "USART6_Send_Data" declared implicitly
  			USART6_Send_Data(buf,3);
..\brak_hil\brak_hil.c(826): warning:  #223-D: function "USART6_Send_Data" declared implicitly
  			USART6_Send_Data(buf,3);
..\brak_hil\brak_hil.c(546): warning:  #550-D: variable "j"  was set but never used
  	u8 j = 0;
..\brak_hil\brak_hil.c: 19 warnings, 0 errors
linking...
Program Size: Code=16484 RO-data=448 RW-data=116 ZI-data=32220  
FromELF: creating hex file...
"345\345.axf" - 0 Error(s), 19 Warning(s).

<h2>Software Packages used:</h2>

Package Vendor: ARM
                http://www.keil.com/pack/ARM.CMSIS.5.8.0.pack
                ARM.CMSIS.5.8.0
                CMSIS (Common Microcontroller Software Interface Standard)
   * Component: CORE Version: 5.5.0

Package Vendor: Keil
                http://www.keil.com/pack/Keil.STM32F4xx_DFP.2.15.0.pack
                Keil.STM32F4xx_DFP.2.15.0
                STMicroelectronics STM32F4 Series Device Support, Drivers and Examples

<h2>Collection of Component include folders:</h2>
  .\RTE\_stm32f407_PW8106
  D:\Arm\Packs\ARM\CMSIS\5.8.0\CMSIS\Core\Include
  D:\Arm\Packs\Keil\STM32F4xx_DFP\2.15.0\Drivers\CMSIS\Device\ST\STM32F4xx\Include

<h2>Collection of Component Files used:</h2>

   * Component: ARM::CMSIS:CORE:5.5.0
Build Time Elapsed:  00:00:05
</pre>
</body>
</html>
